// Vitest Snapshot v1, https://vitest.dev/guide/snapshot.html

exports[`DestinationCard > DestinationCard snapshot 1`] = `
<div
  className="card destinationCard"
>
  <div
    className="imgContainer"
  >
    <img
      alt="Åre"
      className="destinationCardImg"
      src="src/assets/destinationimages/Åre.jpg"
    />
    <img
      alt="Favourite star"
      className="favourite"
      onClick={[Function]}
      src="/project1/src/assets/star1.svg"
    />
  </div>
  <div
    className="destinationNameContainer"
  >
    <p
      className="destinationName"
    >
      Åre
    </p>
  </div>
  <div
    className="destinationInfoContainer"
  >
    <p
      className="destinationTemp"
    >
      -3.7
      °
    </p>
    <p
      className="destinationWind"
    >
      12.1
      m/s
    </p>
  </div>
  <div
    className="destinationSymbol"
  >
    <img
      className="weatherIcon"
      src="https://raw.githubusercontent.com/metno/weathericons/89e3173756248b4696b9b10677b66c4ef435db53/weather/svg/heavyrainandthunder.svg"
    />
  </div>
  <a
    className="details"
    href="/åre"
    onClick={[Function]}
  >
    <hr
      className="destinationCardDivider"
    />
    <p>
      Detaljer
    </p>
  </a>
</div>
`;
